// Jest Snapshot v1, https://goo.gl/fbAQLP

exports[` 1`] = `
ShallowWrapper {
  "complexSelector": ComplexSelector {
    "buildPredicate": [Function],
    "childrenOfNode": [Function],
    "findWhereUnwrapped": [Function],
  },
  "length": 1,
  "node": <div>
    <div
      className="row message unread selected"
    >
      <div
        className="col-xs-1"
      >
        <div
          className="row"
        >
          <div
            className="col-xs-2"
          >
            <input
              checked={false}
              className="something"
              onChange={[Function]}
              type="checkbox"
            />
          </div>
          <div
            className="col-xs-2"
          >
            <i
              className="star fa fa-star-o"
              onClick={[Function]}
            />
          </div>
        </div>
      </div>
      <div
        className="col-xs-11"
        onClick={[Function]}
      >
        <span
          className="label label-warning"
        >
          dev
        </span>
        <span
          className="label label-warning"
        >
          personal
        </span>
        <a
          href="www.hi.com"
        >
          You can't input the protocol without calculating the mobile RSS protocol!
        </a>
      </div>
    </div>
  </div>,
  "nodes": Array [
    <div>
      <div
        className="row message unread selected"
      >
        <div
          className="col-xs-1"
        >
          <div
            className="row"
          >
            <div
              className="col-xs-2"
            >
              <input
                checked={false}
                className="something"
                onChange={[Function]}
                type="checkbox"
              />
            </div>
            <div
              className="col-xs-2"
            >
              <i
                className="star fa fa-star-o"
                onClick={[Function]}
              />
            </div>
          </div>
        </div>
        <div
          className="col-xs-11"
          onClick={[Function]}
        >
          <span
            className="label label-warning"
          >
            dev
          </span>
          <span
            className="label label-warning"
          >
            personal
          </span>
          <a
            href="www.hi.com"
          >
            You can't input the protocol without calculating the mobile RSS protocol!
          </a>
        </div>
      </div>
    </div>,
  ],
  "options": Object {},
  "renderer": ReactShallowRenderer {
    "_instance": ShallowComponentWrapper {
      "_calledComponentWillUnmount": false,
      "_compositeType": 2,
      "_context": Object {},
      "_currentElement": <MessageComponent
        message={
          Object {
            "body": "The quick, brown fox jumps over a lazy dog. DJs flock by when MTV ax quiz prog. Junk MTV quiz graced by fox whelps. Bawds jog, flick quartz, vex nymphs. Waltz, bad nymph, for quick jigs vex! Fox nymphs grab quick-jived waltz. Brick quiz whangs jumpy veldt fox. Bright vixens jump; dozy fowl quack. Quick wafting zephyrs vex bold Jim.",
            "id": 1,
            "labels": Array [
              "dev",
              "personal",
            ],
            "read": false,
            "starred": false,
            "subject": "You can't input the protocol without calculating the mobile RSS protocol!",
          }
        }
        onDeselectMessage={[Function]}
        onMarkAsReadMessage={[Function]}
        onSelectMessage={[Function]}
        onStarMessage={[Function]}
        onUnstarMessage={[Function]}
        selected={1}
      />,
      "_debugID": 3,
      "_hostContainerInfo": null,
      "_hostParent": null,
      "_instance": StatelessComponent {
        "_reactInternalInstance": [Circular],
        "context": Object {},
        "props": Object {
          "message": Object {
            "body": "The quick, brown fox jumps over a lazy dog. DJs flock by when MTV ax quiz prog. Junk MTV quiz graced by fox whelps. Bawds jog, flick quartz, vex nymphs. Waltz, bad nymph, for quick jigs vex! Fox nymphs grab quick-jived waltz. Brick quiz whangs jumpy veldt fox. Bright vixens jump; dozy fowl quack. Quick wafting zephyrs vex bold Jim.",
            "id": 1,
            "labels": Array [
              "dev",
              "personal",
            ],
            "read": false,
            "starred": false,
            "subject": "You can't input the protocol without calculating the mobile RSS protocol!",
          },
          "onDeselectMessage": [Function],
          "onMarkAsReadMessage": [Function],
          "onSelectMessage": [Function],
          "onStarMessage": [Function],
          "onUnstarMessage": [Function],
          "selected": 1,
        },
        "refs": Object {},
        "state": null,
        "updater": Object {
          "enqueueCallback": [Function],
          "enqueueCallbackInternal": [Function],
          "enqueueElementInternal": [Function],
          "enqueueForceUpdate": [Function],
          "enqueueReplaceState": [Function],
          "enqueueSetState": [Function],
          "isMounted": [Function],
          "validateCallback": [Function],
        },
      },
      "_mountOrder": 2,
      "_pendingCallbacks": null,
      "_pendingElement": null,
      "_pendingForceUpdate": false,
      "_pendingReplaceState": false,
      "_pendingStateQueue": null,
      "_renderedComponent": NoopInternalComponent {
        "_currentElement": <div>
          <div
            className="row message unread selected"
          >
            <div
              className="col-xs-1"
            >
              <div
                className="row"
              >
                <div
                  className="col-xs-2"
                >
                  <input
                    checked={false}
                    className="something"
                    onChange={[Function]}
                    type="checkbox"
                  />
                </div>
                <div
                  className="col-xs-2"
                >
                  <i
                    className="star fa fa-star-o"
                    onClick={[Function]}
                  />
                </div>
              </div>
            </div>
            <div
              className="col-xs-11"
              onClick={[Function]}
            >
              <span
                className="label label-warning"
              >
                dev
              </span>
              <span
                className="label label-warning"
              >
                personal
              </span>
              <a
                href="www.hi.com"
              >
                You can't input the protocol without calculating the mobile RSS protocol!
              </a>
            </div>
          </div>
        </div>,
        "_debugID": 4,
        "_renderedOutput": <div>
          <div
            className="row message unread selected"
          >
            <div
              className="col-xs-1"
            >
              <div
                className="row"
              >
                <div
                  className="col-xs-2"
                >
                  <input
                    checked={false}
                    className="something"
                    onChange={[Function]}
                    type="checkbox"
                  />
                </div>
                <div
                  className="col-xs-2"
                >
                  <i
                    className="star fa fa-star-o"
                    onClick={[Function]}
                  />
                </div>
              </div>
            </div>
            <div
              className="col-xs-11"
              onClick={[Function]}
            >
              <span
                className="label label-warning"
              >
                dev
              </span>
              <span
                className="label label-warning"
              >
                personal
              </span>
              <a
                href="www.hi.com"
              >
                You can't input the protocol without calculating the mobile RSS protocol!
              </a>
            </div>
          </div>
        </div>,
      },
      "_renderedNodeType": 0,
      "_rootNodeID": 0,
      "_topLevelWrapper": null,
      "_updateBatchNumber": null,
      "_warnedAboutRefsInRender": false,
    },
    "getRenderOutput": [Function],
    "render": [Function],
  },
  "root": [Circular],
  "unrendered": <MessageComponent
    message={
      Object {
        "body": "The quick, brown fox jumps over a lazy dog. DJs flock by when MTV ax quiz prog. Junk MTV quiz graced by fox whelps. Bawds jog, flick quartz, vex nymphs. Waltz, bad nymph, for quick jigs vex! Fox nymphs grab quick-jived waltz. Brick quiz whangs jumpy veldt fox. Bright vixens jump; dozy fowl quack. Quick wafting zephyrs vex bold Jim.",
        "id": 1,
        "labels": Array [
          "dev",
          "personal",
        ],
        "read": false,
        "starred": false,
        "subject": "You can't input the protocol without calculating the mobile RSS protocol!",
      }
    }
    onDeselectMessage={[Function]}
    onMarkAsReadMessage={[Function]}
    onSelectMessage={[Function]}
    onStarMessage={[Function]}
    onUnstarMessage={[Function]}
    selected={1}
  />,
}
`;
